warning: /home/vince/Projects/llama-orch/bin/shared-crates/narration-core/Cargo.toml: unused manifest key: package.autodocs
warning: /home/vince/Projects/llama-orch/bin/shared-crates/auth-min/Cargo.toml: unused manifest key: package.autodocs
warning: /home/vince/Projects/llama-orch/xtask/Cargo.toml: unused manifest key: package.autodocs
warning: unused import: `TestStatus`
 --> test-harness/proof-bundle/src/formatters/helpers.rs:3:25
  |
3 | use crate::{TestResult, TestStatus};
  |                         ^^^^^^^^^^
  |
  = note: `#[warn(unused_imports)]` on by default

warning: unused import: `Context`
 --> test-harness/proof-bundle/src/parsers/json.rs:4:14
  |
4 | use anyhow::{Context, Result};
  |              ^^^^^^^

warning: unused variable: `stderr`
   --> test-harness/proof-bundle/src/api.rs:133:9
    |
133 |     let stderr = String::from_utf8_lossy(&output.stderr);
    |         ^^^^^^ help: if this is intentional, prefix it with an underscore: `_stderr`
    |
    = note: `#[warn(unused_variables)]` on by default

warning: hiding a lifetime that's elided elsewhere is confusing
   --> test-harness/proof-bundle/src/fs/bundle_root.rs:213:26
    |
213 |     pub fn capture_tests(&self, package: &str) -> crate::capture::TestCaptureBuilder {
    |                          ^^^^^                    ---------------------------------- the same lifetime is hidden here
    |                          |
    |                          the lifetime is elided here
    |
    = help: the same lifetime is referred to in inconsistent ways, making the signature confusing
    = note: `#[warn(mismatched_lifetime_syntaxes)]` on by default
help: use `'_` for type paths
    |
213 |     pub fn capture_tests(&self, package: &str) -> crate::capture::TestCaptureBuilder<'_> {
    |                                                                                     ++++

warning: `proof-bundle` (lib test) generated 4 warnings (run `cargo fix --lib -p proof-bundle --tests` to apply 2 suggestions)
    Finished `test` profile [unoptimized + debuginfo] target(s) in 0.11s
     Running unittests src/lib.rs (target/debug/deps/proof_bundle-7e12e9856b44583f)

running 38 tests
test api::tests::test_mode_template ... ok
test api::tests::test_mode_test_type ... ok
test formatters::tests::test_categorize_tests ... ok
test formatters::tests::test_generate_failure_report_no_failures ... ok
test formatters::tests::test_generate_executive_summary ... ok
test formatters::tests::test_generate_failure_report ... ok
test formatters::tests::test_simplify_error ... ok
test metadata::tests::test_is_critical ... ok
test metadata::tests::test_is_flaky ... ok
test formatters::tests::test_generate_test_report ... ok
test metadata::tests::test_is_high_priority ... ok
test metadata::tests::test_metadata_builder ... ok
test metadata::tests::test_metadata_serialization ... ok
test metadata::tests::test_metadata_with_custom_fields ... ok
test metadata::tests::test_metadata_with_resources_and_tags ... ok
test metadata::tests::test_parse_doc_comments_mixed_content ... ok
test metadata::tests::test_parse_doc_comments_custom_fields ... ok
test metadata::tests::test_parse_doc_comments_simple ... ok
test parsers::json::tests::test_parse_json_output_empty ... ok
test parsers::json::tests::test_parse_json_output_success ... ok
test metadata::tests::test_parse_doc_comments_with_lists ... ok
test parsers::json::tests::test_parse_json_output_with_failures ... ok
test parsers::stable::tests::test_extract_number ... ok
test parsers::json::tests::test_parse_json_output_with_ignored ... ok
test parsers::stable::tests::test_parse_stable_output_success ... ok
test parsers::stable::tests::test_parse_stable_output_with_failures ... ok
test templates::tests::test_bdd_test_mock ... ok
test templates::tests::test_all_templates ... ok
test templates::tests::test_bdd_test_real ... ok
test templates::tests::test_custom_template ... ok
test templates::tests::test_integration_test ... ok
test templates::tests::test_find_by_name ... ok
test templates::tests::test_property_test ... ok
test templates::tests::test_unit_test_fast ... ok
test templates::tests::test_unit_test_full ... ok
test tests::cleanup_removes_old_bundles ... ok
test tests::creates_bundle_dirs ... ok
test tests::writes_files ... ok

test result: ok. 38 passed; 0 failed; 0 ignored; 0 measured; 0 filtered out; finished in 0.00s

